// Jest Snapshot v1, https://goo.gl/fbAQLP

exports[`THE PAGE LOADS SUCCESSFULLY 1`] = `
Object {
  "asFragment": [Function],
  "baseElement": <body>
    <div>
      <div
        class="App"
      >
        <div
          class="landing-page"
        >
          <header
            class="landing-page-welcome-text-container"
          >
            <img
              alt="rick and morty logo"
              class="landing-logo-image"
              src="Rick-and-Morty.png"
            />
            <h2>
              Webcatalog
            </h2>
          </header>
          <a
            href="/characters"
            style="text-decoration: none;"
          >
            <div
              class="portal"
            >
              <div
                class="portal-text"
              >
                CHARACTERS
              </div>
              <img
                alt="Character Portal"
                id="char-portal"
                src="portal.gif"
              />
            </div>
          </a>
          <a
            href="/locations"
            style="text-decoration: none;"
          >
            <div
              class="portal"
            >
              <div
                class="portal-text"
              >
                LOCATIONS
              </div>
              <img
                alt="Location Portal"
                id="loc-portal"
                src="portal.gif"
              />
            </div>
          </a>
          <div
            class="page-info"
          >
            <div
              class="mrPB-1-clicked"
            >
              click on me to know more, ooh wee
            </div>
            <img
              alt="mr PoopyButthole"
              class="mrPB-1"
              src="mrPoopyButthole1.png"
            />
          </div>
        </div>
      </div>
    </div>
  </body>,
  "container": <div>
    <div
      class="App"
    >
      <div
        class="landing-page"
      >
        <header
          class="landing-page-welcome-text-container"
        >
          <img
            alt="rick and morty logo"
            class="landing-logo-image"
            src="Rick-and-Morty.png"
          />
          <h2>
            Webcatalog
          </h2>
        </header>
        <a
          href="/characters"
          style="text-decoration: none;"
        >
          <div
            class="portal"
          >
            <div
              class="portal-text"
            >
              CHARACTERS
            </div>
            <img
              alt="Character Portal"
              id="char-portal"
              src="portal.gif"
            />
          </div>
        </a>
        <a
          href="/locations"
          style="text-decoration: none;"
        >
          <div
            class="portal"
          >
            <div
              class="portal-text"
            >
              LOCATIONS
            </div>
            <img
              alt="Location Portal"
              id="loc-portal"
              src="portal.gif"
            />
          </div>
        </a>
        <div
          class="page-info"
        >
          <div
            class="mrPB-1-clicked"
          >
            click on me to know more, ooh wee
          </div>
          <img
            alt="mr PoopyButthole"
            class="mrPB-1"
            src="mrPoopyButthole1.png"
          />
        </div>
      </div>
    </div>
  </div>,
  "debug": [Function],
  "findAllByAltText": [Function],
  "findAllByDisplayValue": [Function],
  "findAllByLabelText": [Function],
  "findAllByPlaceholderText": [Function],
  "findAllByRole": [Function],
  "findAllByTestId": [Function],
  "findAllByText": [Function],
  "findAllByTitle": [Function],
  "findByAltText": [Function],
  "findByDisplayValue": [Function],
  "findByLabelText": [Function],
  "findByPlaceholderText": [Function],
  "findByRole": [Function],
  "findByTestId": [Function],
  "findByText": [Function],
  "findByTitle": [Function],
  "getAllByAltText": [Function],
  "getAllByDisplayValue": [Function],
  "getAllByLabelText": [Function],
  "getAllByPlaceholderText": [Function],
  "getAllByRole": [Function],
  "getAllByTestId": [Function],
  "getAllByText": [Function],
  "getAllByTitle": [Function],
  "getByAltText": [Function],
  "getByDisplayValue": [Function],
  "getByLabelText": [Function],
  "getByPlaceholderText": [Function],
  "getByRole": [Function],
  "getByTestId": [Function],
  "getByText": [Function],
  "getByTitle": [Function],
  "queryAllByAltText": [Function],
  "queryAllByDisplayValue": [Function],
  "queryAllByLabelText": [Function],
  "queryAllByPlaceholderText": [Function],
  "queryAllByRole": [Function],
  "queryAllByTestId": [Function],
  "queryAllByText": [Function],
  "queryAllByTitle": [Function],
  "queryByAltText": [Function],
  "queryByDisplayValue": [Function],
  "queryByLabelText": [Function],
  "queryByPlaceholderText": [Function],
  "queryByRole": [Function],
  "queryByTestId": [Function],
  "queryByText": [Function],
  "queryByTitle": [Function],
  "rerender": [Function],
  "unmount": [Function],
}
`;
